{
    "Single-end": {
        "content": [
            {
                "0": [
                    [
                        {
                            "id": "test",
                            "single_end": true
                        },
                        "test_test_1.fastq.gz:md5,875863b402f67403dac63ef59b9c9a8a"
                    ]
                ],
                "1": [
                    "versions.yml:md5,d061ca0231d089b087e22d2001cd7c32"
                ],
                "fastq": [
                    [
                        {
                            "id": "test",
                            "single_end": true
                        },
                        "test_test_1.fastq.gz:md5,875863b402f67403dac63ef59b9c9a8a"
                    ]
                ],
                "versions": [
                    "versions.yml:md5,d061ca0231d089b087e22d2001cd7c32"
                ]
            }
        ],
        "timestamp": "2023-10-16T10:49:29.769029"
    },
    "Paired-end": {
        "content": [
            {
                "0": [
                    [
                        {
                            "id": "test",
                            "single_end": false
                        },
                        [
                            "test_test_1.fastq.gz:md5,875863b402f67403dac63ef59b9c9a8a",
                            "test_test_2.fastq.gz:md5,375aeb74819ca3d72203135ac80df78c"
                        ]
                    ]
                ],
                "1": [
                    "versions.yml:md5,d061ca0231d089b087e22d2001cd7c32"
                ],
                "fastq": [
                    [
                        {
                            "id": "test",
                            "single_end": false
                        },
                        [
                            "test_test_1.fastq.gz:md5,875863b402f67403dac63ef59b9c9a8a",
                            "test_test_2.fastq.gz:md5,375aeb74819ca3d72203135ac80df78c"
                        ]
                    ]
                ],
                "versions": [
                    "versions.yml:md5,d061ca0231d089b087e22d2001cd7c32"
                ]
            }
        ],
        "timestamp": "2023-10-16T10:49:37.792338"
    }
}