{
    "Should run without failures": {
        "content": [
            {
                "0": [
                    [
                        [
                            
                        ],
                        [
                            "hash.k2d:md5,8b8598468f54a7087c203ad0190555d9",
                            "opts.k2d:md5,a033d00cf6759407010b21700938f543",
                            "taxo.k2d:md5,094d5891cdccf2f1468088855c214b2c"
                        ]
                    ]
                ],
                "1": [
                    "versions.yml:md5,19efec1f58773173ead5b1253b1ecfa9"
                ],
                "untar": [
                    [
                        [
                            
                        ],
                        [
                            "hash.k2d:md5,8b8598468f54a7087c203ad0190555d9",
                            "opts.k2d:md5,a033d00cf6759407010b21700938f543",
                            "taxo.k2d:md5,094d5891cdccf2f1468088855c214b2c"
                        ]
                    ]
                ],
                "versions": [
                    "versions.yml:md5,19efec1f58773173ead5b1253b1ecfa9"
                ]
            }
        ],
        "timestamp": "2023-10-17T04:19:11.547392"
    }
}